#
# There is insufficient memory for the Java Runtime Environment to continue.
# Native memory allocation (mmap) failed to map 266338304 bytes for G1 virtual space
# Possible reasons:
#   The system is out of physical RAM or swap space
#   The process is running with CompressedOops enabled, and the Java Heap may be blocking the growth of the native heap
# Possible solutions:
#   Reduce memory load on the system
#   Increase physical memory or swap space
#   Check if swap backing store is full
#   Decrease Java heap size (-Xmx/-Xms)
#   Decrease number of Java threads
#   Decrease Java thread stack sizes (-Xss)
#   Set larger code cache with -XX:ReservedCodeCacheSize=
#   JVM is running with Zero Based Compressed Oops mode in which the Java heap is
#     placed in the first 32GB address space. The Java Heap base address is the
#     maximum limit for the native heap growth. Please use -XX:HeapBaseMinAddress
#     to set the Java Heap base and to place the Java Heap above 32GB virtual address.
# This output file may be truncated or incomplete.
#
#  Out of Memory Error (os_windows.cpp:3769), pid=29492, tid=24460
#
# JRE version:  (17.0.6) (build )
# Java VM: OpenJDK 64-Bit Server VM (17.0.6+0-b2043.56-10027231, mixed mode, sharing, tiered, compressed oops, compressed class ptrs, g1 gc, windows-amd64)
# No core dump will be written. Minidumps are not enabled by default on client versions of Windows
#

---------------  S U M M A R Y ------------

Command Line: git4idea.http.GitAskPassApp Username for 'http://10.0.206.69': 

Host: Intel(R) Core(TM) i7-8700 CPU @ 3.20GHz, 12 cores, 15G,  Windows 10 , 64 bit Build 19041 (10.0.19041.3636)
Time: Mon May  6 11:26:33 2024 Arabic Standard Time elapsed time: 0.009456 seconds (0d 0h 0m 0s)

---------------  T H R E A D  ---------------

Current thread (0x000001ab6d995bd0):  JavaThread "Unknown thread" [_thread_in_vm, id=24460, stack(0x0000002be0900000,0x0000002be0a00000)]

Stack: [0x0000002be0900000,0x0000002be0a00000]
Native frames: (J=compiled Java code, j=interpreted, Vv=VM code, C=native code)
V  [jvm.dll+0x683c9a]
V  [jvm.dll+0x8427a4]
V  [jvm.dll+0x843f9e]
V  [jvm.dll+0x844603]
V  [jvm.dll+0x249b75]
V  [jvm.dll+0x680b69]
V  [jvm.dll+0x67505a]
V  [jvm.dll+0x309acb]
V  [jvm.dll+0x310f86]
V  [jvm.dll+0x3608ee]
V  [jvm.dll+0x360b1f]
V  [jvm.dll+0x2dfbf8]
V  [jvm.dll+0x2e0b64]
V  [jvm.dll+0x814091]
V  [jvm.dll+0x36e6a1]
V  [jvm.dll+0x7f35cc]
V  [jvm.dll+0x3f0e8f]
V  [jvm.dll+0x3f29d1]
C  [jli.dll+0x526b]
C  [ucrtbase.dll+0x21bb2]
C  [KERNEL32.DLL+0x17344]
C  [ntdll.dll+0x526b1]


---------------  P R O C E S S  ---------------

Threads class SMR info:
_java_thread_list=0x00007ff9c8c6c058, length=0, elements={
}

Java Threads: ( => current thread )

Other Threads:
  0x000001ab6da01060 GCTaskThread "GC Thread#0" [stack: 0x0000002be0a00000,0x0000002be0b00000] [id=9812]
  0x000001ab6da11d70 ConcurrentGCThread "G1 Main Marker" [stack: 0x0000002be0b00000,0x0000002be0c00000] [id=24164]
  0x000001ab6da12780 ConcurrentGCThread "G1 Conc#0" [stack: 0x0000002be0c00000,0x0000002be0d00000] [id=28340]

[error occurred during error reporting (printing all threads), id 0xc0000005, EXCEPTION_ACCESS_VIOLATION (0xc0000005) at pc=0x00007ff9c8420797]

VM state: not at safepoint (not fully initialized)

VM Mutex/Monitor currently owned by a thread:  ([mutex/lock_event])
[0x000001ab6d990740] Heap_lock - owner thread: 0x000001ab6d995bd0

Heap address: 0x0000000702200000, size: 4062 MB, Compressed Oops mode: Zero based, Oop shift amount: 3

CDS archive(s) mapped at: [0x0000000000000000-0x0000000000000000-0x0000000000000000), size 0, SharedBaseAddress: 0x0000000800000000, ArchiveRelocationMode: 0.
Narrow klass base: 0x0000000000000000, Narrow klass shift: 0, Narrow klass range: 0x0

GC Precious Log:
<Empty>

Heap:
 garbage-first heap   total 0K, used 0K [0x0000000702200000, 0x0000000800000000)
  region size 2048K, 0 young (0K), 0 survivors (0K)

[error occurred during error reporting (printing heap information), id 0xc0000005, EXCEPTION_ACCESS_VIOLATION (0xc0000005) at pc=0x00007ff9c880da89]

GC Heap History (0 events):
No events

Dll operation events (1 events):
Event: 0.005 Loaded shared library H:\andr\jbr\bin\java.dll

Deoptimization events (0 events):
No events

Classes unloaded (0 events):
No events

Classes redefined (0 events):
No events

Internal exceptions (0 events):
No events

VM Operations (0 events):
No events

Events (0 events):
No events


Dynamic libraries:
0x00007ff71c640000 - 0x00007ff71c64a000 	H:\andr\jbr\bin\java.exe
0x00007ffa6b1d0000 - 0x00007ffa6b3c8000 	C:\WINDOWS\SYSTEM32\ntdll.dll
0x00007ffa6a5a0000 - 0x00007ffa6a65d000 	C:\WINDOWS\System32\KERNEL32.DLL
0x00007ffa68cf0000 - 0x00007ffa68fe6000 	C:\WINDOWS\System32\KERNELBASE.dll
0x00007ffa689a0000 - 0x00007ffa68aa0000 	C:\WINDOWS\System32\ucrtbase.dll
0x00007ffa38ac0000 - 0x00007ffa38adb000 	H:\andr\jbr\bin\VCRUNTIME140.dll
0x00007ffa4f7d0000 - 0x00007ffa4f7e7000 	H:\andr\jbr\bin\jli.dll
0x00007ffa6a890000 - 0x00007ffa6aa2f000 	C:\WINDOWS\System32\USER32.dll
0x00007ffa4ce60000 - 0x00007ffa4d0fa000 	C:\WINDOWS\WinSxS\amd64_microsoft.windows.common-controls_6595b64144ccf1df_6.0.19041.3636_none_60b6a03d71f818d5\COMCTL32.dll
0x00007ffa691a0000 - 0x00007ffa691c2000 	C:\WINDOWS\System32\win32u.dll
0x00007ffa691e0000 - 0x00007ffa6927e000 	C:\WINDOWS\System32\msvcrt.dll
0x00007ffa69720000 - 0x00007ffa6974b000 	C:\WINDOWS\System32\GDI32.dll
0x00007ffa68ff0000 - 0x00007ffa69107000 	C:\WINDOWS\System32\gdi32full.dll
0x00007ffa68850000 - 0x00007ffa688ed000 	C:\WINDOWS\System32\msvcp_win.dll
0x00007ffa69a70000 - 0x00007ffa69aa2000 	C:\WINDOWS\System32\IMM32.DLL
0x00007ffa5db20000 - 0x00007ffa5db2c000 	H:\andr\jbr\bin\vcruntime140_1.dll
0x00007ffa29cf0000 - 0x00007ffa29d7d000 	H:\andr\jbr\bin\msvcp140.dll
0x00007ff9c8130000 - 0x00007ff9c8d9e000 	H:\andr\jbr\bin\server\jvm.dll
0x00007ffa6a420000 - 0x00007ffa6a4d0000 	C:\WINDOWS\System32\ADVAPI32.dll
0x00007ffa6a7f0000 - 0x00007ffa6a890000 	C:\WINDOWS\System32\sechost.dll
0x00007ffa69810000 - 0x00007ffa69933000 	C:\WINDOWS\System32\RPCRT4.dll
0x00007ffa68aa0000 - 0x00007ffa68ac7000 	C:\WINDOWS\System32\bcrypt.dll
0x00007ffa63370000 - 0x00007ffa6337a000 	C:\WINDOWS\SYSTEM32\VERSION.dll
0x00007ffa62d50000 - 0x00007ffa62d59000 	C:\WINDOWS\SYSTEM32\WSOCK32.dll
0x00007ffa6a660000 - 0x00007ffa6a6cb000 	C:\WINDOWS\System32\WS2_32.dll
0x00007ffa57e30000 - 0x00007ffa57e57000 	C:\WINDOWS\SYSTEM32\WINMM.dll
0x00007ffa671e0000 - 0x00007ffa671f2000 	C:\WINDOWS\SYSTEM32\kernel.appcore.dll
0x00007ffa64dd0000 - 0x00007ffa64dda000 	H:\andr\jbr\bin\jimage.dll
0x00007ffa57bc0000 - 0x00007ffa57da4000 	C:\WINDOWS\SYSTEM32\DBGHELP.DLL
0x00007ffa57920000 - 0x00007ffa57954000 	C:\WINDOWS\SYSTEM32\dbgcore.DLL
0x00007ffa69110000 - 0x00007ffa69192000 	C:\WINDOWS\System32\bcryptPrimitives.dll
0x00007ffa505f0000 - 0x00007ffa50615000 	H:\andr\jbr\bin\java.dll

dbghelp: loaded successfully - version: 4.0.5 - missing functions: none
symbol engine: initialized successfully - sym options: 0x614 - pdb path: .;H:\andr\jbr\bin;C:\WINDOWS\SYSTEM32;C:\WINDOWS\WinSxS\amd64_microsoft.windows.common-controls_6595b64144ccf1df_6.0.19041.3636_none_60b6a03d71f818d5;H:\andr\jbr\bin\server

VM Arguments:
java_command: git4idea.http.GitAskPassApp Username for 'http://10.0.206.69': 
java_class_path (initial): H:/andr/plugins/vcs-git/lib/git4idea-rt.jar;H:/andr/lib/externalProcess-rt.jar;H:/andr/lib/app.jar;H:/andr/lib/3rd-party-rt.jar
Launcher Type: SUN_STANDARD

[Global flags]
     intx CICompilerCount                          = 4                                         {product} {ergonomic}
     uint ConcGCThreads                            = 3                                         {product} {ergonomic}
     uint G1ConcRefinementThreads                  = 10                                        {product} {ergonomic}
   size_t G1HeapRegionSize                         = 2097152                                   {product} {ergonomic}
    uintx GCDrainStackTargetSize                   = 64                                        {product} {ergonomic}
   size_t InitialHeapSize                          = 266338304                                 {product} {ergonomic}
   size_t MarkStackSize                            = 4194304                                   {product} {ergonomic}
   size_t MaxHeapSize                              = 4259315712                                {product} {ergonomic}
   size_t MinHeapDeltaBytes                        = 2097152                                   {product} {ergonomic}
   size_t MinHeapSize                              = 8388608                                   {product} {ergonomic}
    uintx NonNMethodCodeHeapSize                   = 5839372                                {pd product} {ergonomic}
    uintx NonProfiledCodeHeapSize                  = 122909434                              {pd product} {ergonomic}
    uintx ProfiledCodeHeapSize                     = 122909434                              {pd product} {ergonomic}
    uintx ReservedCodeCacheSize                    = 251658240                              {pd product} {ergonomic}
     bool SegmentedCodeCache                       = true                                      {product} {ergonomic}
   size_t SoftMaxHeapSize                          = 4259315712                             {manageable} {ergonomic}
     bool UseCompressedClassPointers               = true                           {product lp64_product} {ergonomic}
     bool UseCompressedOops                        = true                           {product lp64_product} {ergonomic}
     bool UseG1GC                                  = true                                      {product} {ergonomic}
     bool UseLargePagesIndividualAllocation        = false                                  {pd product} {ergonomic}

Logging:
Log output configuration:
 #0: stdout all=warning uptime,level,tags
 #1: stderr all=off uptime,level,tags

Environment Variables:
JAVA_HOME=C:\Program Files\Java\jdk1.8.0_231
PATH=C:\Program Files\Git\mingw64\libexec\git-core;C:\Program Files\Git\mingw64\libexec\git-core;C:\Program Files\Git\mingw64\bin;C:\Program Files\Git\usr\bin;C:\Users\M.Joha\bin;C:\Program Files\Eclipse Adoptium\jdk-17.0.8.101-hotspot\bin;C:\Program Files\Common Files\Oracle\Java\javapath;D:\app\product\11.2.0\client_1\bin;D:\orant\bin;%AppData%\npm;C:\Program Files (x86)\Common Files\Oracle\Java\javapath;C:\ProgramData\Oracle\Java\javapath;C:\sybase\DataAccess\ADONET\dll;C:\sybase\DataAccess\OLEDB\dll;C:\sybase\DataAccess\ODBC\dll;C:\sybase\DataAccess64\ODBC\dll;C:\sybase\OCS-15_0\lib3p64;C:\sybase\OCS-15_0\lib3p;C:\sybase\OCS-15_0\dll;C:\sybase\OCS-15_0\bin;C:\Windows\system32;C:\Windows;C:\Windows\System32\Wbem;C:\Windows\System32\WindowsPowerShell\v1.0;C:\sybase\DBISQL\bin;D:\iMAL\PB105_DDK;C:\Program Files\Microsoft SQL Server\110\Tools\Binn;D:\DDK\pb125_ddk;D:\DDK\pb105_ddk;C:\Program Files (x86)\AMD\ATI.ACE\Core-Static;C:\Program Files\Microsoft SQL Server\130\Tools\Binn;C:\Program Files\Microsoft SQL Server\Client SDK\ODBC\170\Tools\Binn;C:\ProgramData\ComposerSetup\bin;C:\xampp\php;C:\Program Files (x86)\HP\IdrsOCR_15.2.10.1114;C:\Program Files\OpenSSL-Win64\bin;D:\orant\jdk\bin;C:\Program Files (x86)\Kaspersky Lab\Endpoint Agent;C:\xampp\mysql\bin;C:\Program Files\Git\cmd;C:\Program Files (x86)\Microsoft SQL Server\150\DTS\Binn;C:\Program Files (x86)\Microsoft SQL Server\150\Tools\Binn;C:\Program Files\Microsoft SQL Server\150\Tools\Binn;C:\Program Files\Microsoft SQL Server\150\DTS\Binn;C:\wamp64\bin\php\php7.2.10;C:\Program Files\dotnet;C:\ProgramData\chocolatey\bin;C:\WINDOWS\system32;C:\WINDOWS;C:\WINDOWS\System32\Wbem;C:\WINDOWS\System32\WindowsPowerShell\v1.0;C:\WINDOWS\System32\OpenSSH;C:\Program Files\nodejs;H:\GdPicture.NET 14\Redist;C:\Program Files\Eclipse Adoptium\jdk-17.0.8.101-hotspot\bin;C:\Program Files\Common Files\Oracle\Java\javapath;D:\app\product\11.2.0\client_1\bin;D:\orant\bin;C:\Users\M.Joha\AppData\Roaming\npm;C:\Program Files (x86)\
USERNAME=M.joha
DISPLAY=:0.0
LC_ALL=en_US.UTF-8
TERM=cygwin
TMPDIR=C:\Users\MB168~1.JOH\AppData\Local\Temp
OS=Windows_NT
PROCESSOR_IDENTIFIER=Intel64 Family 6 Model 158 Stepping 10, GenuineIntel
TMP=C:\Users\MB168~1.JOH\AppData\Local\Temp
TEMP=C:\Users\MB168~1.JOH\AppData\Local\Temp


JNI global refs:

[error occurred during error reporting (JNI global references), id 0xc0000005, EXCEPTION_ACCESS_VIOLATION (0xc0000005) at pc=0x00007ff9c81e7a10]


---------------  S Y S T E M  ---------------

OS:
 Windows 10 , 64 bit Build 19041 (10.0.19041.3636)
OS uptime: 11 days 1:08 hours

CPU: total 12 (initial active 12) (6 cores per cpu, 2 threads per core) family 6 model 158 stepping 10 microcode 0xb4, cx8, cmov, fxsr, ht, mmx, 3dnowpref, sse, sse2, sse3, ssse3, sse4.1, sse4.2, popcnt, lzcnt, tsc, tscinvbit, avx, avx2, aes, erms, clmul, bmi1, bmi2, rtm, adx, fma, vzeroupper, clflush, clflushopt

Memory: 4k page, system-wide physical 16243M (4965M free)
TotalPageFile size 46721M (AvailPageFile size 196M)
current process WorkingSet (physical memory assigned to process): 11M, peak: 11M
current process commit charge ("private bytes"): 64M, peak: 318M

vm_info: OpenJDK 64-Bit Server VM (17.0.6+0-b2043.56-10027231) for windows-amd64 JRE (17.0.6+0-b2043.56-10027231), built on Apr 28 2023 00:43:19 by "androidbuild" with MS VC++ 16.10 / 16.11 (VS2019)

END.
