#
# There is insufficient memory for the Java Runtime Environment to continue.
# Native memory allocation (malloc) failed to allocate 479088 bytes for Chunk::new
# Possible reasons:
#   The system is out of physical RAM or swap space
#   The process is running with CompressedOops enabled, and the Java Heap may be blocking the growth of the native heap
# Possible solutions:
#   Reduce memory load on the system
#   Increase physical memory or swap space
#   Check if swap backing store is full
#   Decrease Java heap size (-Xmx/-Xms)
#   Decrease number of Java threads
#   Decrease Java thread stack sizes (-Xss)
#   Set larger code cache with -XX:ReservedCodeCacheSize=
#   JVM is running with Zero Based Compressed Oops mode in which the Java heap is
#     placed in the first 32GB address space. The Java Heap base address is the
#     maximum limit for the native heap growth. Please use -XX:HeapBaseMinAddress
#     to set the Java Heap base and to place the Java Heap above 32GB virtual address.
# This output file may be truncated or incomplete.
#
#  Out of Memory Error (arena.cpp:189), pid=27164, tid=34024
#
# JRE version: OpenJDK Runtime Environment (17.0.6) (build 17.0.6+0-b2043.56-10027231)
# Java VM: OpenJDK 64-Bit Server VM (17.0.6+0-b2043.56-10027231, mixed mode, tiered, compressed oops, compressed class ptrs, g1 gc, windows-amd64)
# No core dump will be written. Minidumps are not enabled by default on client versions of Windows
#

---------------  S U M M A R Y ------------

Command Line: git4idea.http.GitAskPassApp Password for 'http://M.joha@10.0.206.69': 

Host: Intel(R) Core(TM) i7-8700 CPU @ 3.20GHz, 12 cores, 15G,  Windows 10 , 64 bit Build 19041 (10.0.19041.3636)
Time: Sat Jun 22 21:43:21 2024 Arabic Standard Time elapsed time: 0.173466 seconds (0d 0h 0m 0s)

---------------  T H R E A D  ---------------

Current thread (0x00000252fa09e890):  JavaThread "C2 CompilerThread0" daemon [_thread_in_native, id=34024, stack(0x0000007df8500000,0x0000007df8600000)]


Current CompileTask:
C2:    173  162 %     4       java.util.zip.ZipFile$Source::initCEN @ 240 (591 bytes)

Stack: [0x0000007df8500000,0x0000007df8600000]
Native frames: (J=compiled Java code, j=interpreted, Vv=VM code, C=native code)
V  [jvm.dll+0x683c9a]
V  [jvm.dll+0x8427a4]
V  [jvm.dll+0x843f9e]
V  [jvm.dll+0x844603]
V  [jvm.dll+0x249b75]
V  [jvm.dll+0xabcac]
V  [jvm.dll+0xac27c]
V  [jvm.dll+0x368857]
V  [jvm.dll+0x1bd0b8]
V  [jvm.dll+0x21c359]
V  [jvm.dll+0x21b621]
V  [jvm.dll+0x1a4fdd]
V  [jvm.dll+0x22b098]
V  [jvm.dll+0x229159]
V  [jvm.dll+0x7f81ec]
V  [jvm.dll+0x7f274a]
V  [jvm.dll+0x682ad5]
C  [ucrtbase.dll+0x21bb2]
C  [KERNEL32.DLL+0x17344]
C  [ntdll.dll+0x526b1]


---------------  P R O C E S S  ---------------

Threads class SMR info:
_java_thread_list=0x00000252fa5e88f0, length=13, elements={
0x00000252fa064260, 0x00000252fa065870, 0x00000252fa07c460, 0x00000252fa07ee30,
0x00000252fa07fdf0, 0x00000252fa080f40, 0x00000252fa09e890, 0x00000252fa09f930,
0x00000252fa0a4860, 0x00000252fa20f370, 0x00000252fa225870, 0x00000252fa250db0,
0x00000252d8a761a0
}

Java Threads: ( => current thread )
  0x00000252fa064260 JavaThread "Reference Handler" daemon [_thread_blocked, id=30068, stack(0x0000007df7f00000,0x0000007df8000000)]
  0x00000252fa065870 JavaThread "Finalizer" daemon [_thread_blocked, id=36400, stack(0x0000007df8000000,0x0000007df8100000)]
  0x00000252fa07c460 JavaThread "Signal Dispatcher" daemon [_thread_blocked, id=480, stack(0x0000007df8100000,0x0000007df8200000)]
  0x00000252fa07ee30 JavaThread "Attach Listener" daemon [_thread_blocked, id=18716, stack(0x0000007df8200000,0x0000007df8300000)]
  0x00000252fa07fdf0 JavaThread "Service Thread" daemon [_thread_blocked, id=16296, stack(0x0000007df8300000,0x0000007df8400000)]
  0x00000252fa080f40 JavaThread "Monitor Deflation Thread" daemon [_thread_blocked, id=34564, stack(0x0000007df8400000,0x0000007df8500000)]
=>0x00000252fa09e890 JavaThread "C2 CompilerThread0" daemon [_thread_in_native, id=34024, stack(0x0000007df8500000,0x0000007df8600000)]
  0x00000252fa09f930 JavaThread "C1 CompilerThread0" daemon [_thread_blocked, id=8572, stack(0x0000007df8600000,0x0000007df8700000)]
  0x00000252fa0a4860 JavaThread "Sweeper thread" daemon [_thread_blocked, id=16036, stack(0x0000007df8700000,0x0000007df8800000)]
  0x00000252fa20f370 JavaThread "Notification Thread" daemon [_thread_blocked, id=11124, stack(0x0000007df8800000,0x0000007df8900000)]
  0x00000252fa225870 JavaThread "Common-Cleaner" daemon [_thread_blocked, id=13356, stack(0x0000007df8a00000,0x0000007df8b00000)]
  0x00000252fa250db0 JavaThread "C2 CompilerThread1" daemon [_thread_blocked, id=36524, stack(0x0000007df8b00000,0x0000007df8c00000)]
  0x00000252d8a761a0 JavaThread "DestroyJavaVM" [_thread_blocked, id=35792, stack(0x0000007df7800000,0x0000007df7900000)]

Other Threads:
  0x00000252f97aebb0 VMThread "VM Thread" [stack: 0x0000007df7e00000,0x0000007df7f00000] [id=30196]
  0x00000252d8af97d0 WatcherThread [stack: 0x0000007df8900000,0x0000007df8a00000] [id=29704]
  0x00000252d8ae1630 GCTaskThread "GC Thread#0" [stack: 0x0000007df7900000,0x0000007df7a00000] [id=21392]
  0x00000252d8af2340 ConcurrentGCThread "G1 Main Marker" [stack: 0x0000007df7a00000,0x0000007df7b00000] [id=3796]
  0x00000252d8af34f0 ConcurrentGCThread "G1 Conc#0" [stack: 0x0000007df7b00000,0x0000007df7c00000] [id=10728]
  0x00000252d8b3d150 ConcurrentGCThread "G1 Refine#0" [stack: 0x0000007df7c00000,0x0000007df7d00000] [id=32048]
  0x00000252d8b3eb80 ConcurrentGCThread "G1 Service" [stack: 0x0000007df7d00000,0x0000007df7e00000] [id=24216]

Threads with active compile tasks:
C2 CompilerThread0      978  162 %     4       java.util.zip.ZipFile$Source::initCEN @ 240 (591 bytes)

VM state: not at safepoint (normal execution)

VM Mutex/Monitor currently owned by a thread: None

Heap address: 0x0000000702200000, size: 4062 MB, Compressed Oops mode: Zero based, Oop shift amount: 3

CDS archive(s) not mapped
Compressed class space mapped at: 0x0000000800000000-0x0000000840000000, reserved size: 1073741824
Narrow klass base: 0x0000000800000000, Narrow klass shift: 0, Narrow klass range: 0x40000000

GC Precious Log:
 CPUs: 12 total, 12 available
 Memory: 16243M
 Large Page Support: Disabled
 NUMA Support: Disabled
 Compressed Oops: Enabled (Zero based)
 Heap Region Size: 2M
 Heap Min Capacity: 8M
 Heap Initial Capacity: 254M
 Heap Max Capacity: 4062M
 Pre-touch: Disabled
 Parallel Workers: 10
 Concurrent Workers: 3
 Concurrent Refinement Workers: 10
 Periodic GC: Disabled

Heap:
 garbage-first heap   total 260096K, used 22528K [0x0000000702200000, 0x0000000800000000)
  region size 2048K, 3 young (6144K), 0 survivors (0K)
 Metaspace       used 8560K, committed 8704K, reserved 1056768K
  class space    used 769K, committed 832K, reserved 1048576K

Heap Regions: E=young(eden), S=young(survivor), O=old, HS=humongous(starts), HC=humongous(continues), CS=collection set, F=free, OA=open archive, CA=closed archive, TAMS=top-at-mark-start (previous, next)
|   0|0x0000000702200000, 0x0000000702400000, 0x0000000702400000|100%|HS|  |TAMS 0x0000000702200000, 0x0000000702200000| Complete 
|   1|0x0000000702400000, 0x0000000702600000, 0x0000000702600000|100%|HC|  |TAMS 0x0000000702400000, 0x0000000702400000| Complete 
|   2|0x0000000702600000, 0x0000000702800000, 0x0000000702800000|100%|HC|  |TAMS 0x0000000702600000, 0x0000000702600000| Complete 
|   3|0x0000000702800000, 0x0000000702a00000, 0x0000000702a00000|100%|HC|  |TAMS 0x0000000702800000, 0x0000000702800000| Complete 
|   4|0x0000000702a00000, 0x0000000702c00000, 0x0000000702c00000|100%|HC|  |TAMS 0x0000000702a00000, 0x0000000702a00000| Complete 
|   5|0x0000000702c00000, 0x0000000702e00000, 0x0000000702e00000|100%|HC|  |TAMS 0x0000000702c00000, 0x0000000702c00000| Complete 
|   6|0x0000000702e00000, 0x0000000703000000, 0x0000000703000000|100%|HS|  |TAMS 0x0000000702e00000, 0x0000000702e00000| Complete 
|   7|0x0000000703000000, 0x0000000703200000, 0x0000000703200000|100%|HS|  |TAMS 0x0000000703000000, 0x0000000703000000| Complete 
|   8|0x0000000703200000, 0x0000000703400000, 0x0000000703400000|100%|HC|  |TAMS 0x0000000703200000, 0x0000000703200000| Complete 
|   9|0x0000000703400000, 0x0000000703400000, 0x0000000703600000|  0%| F|  |TAMS 0x0000000703400000, 0x0000000703400000| Untracked 
|  10|0x0000000703600000, 0x0000000703600000, 0x0000000703800000|  0%| F|  |TAMS 0x0000000703600000, 0x0000000703600000| Untracked 
|  11|0x0000000703800000, 0x0000000703800000, 0x0000000703a00000|  0%| F|  |TAMS 0x0000000703800000, 0x0000000703800000| Untracked 
|  12|0x0000000703a00000, 0x0000000703a00000, 0x0000000703c00000|  0%| F|  |TAMS 0x0000000703a00000, 0x0000000703a00000| Untracked 
|  13|0x0000000703c00000, 0x0000000703c00000, 0x0000000703e00000|  0%| F|  |TAMS 0x0000000703c00000, 0x0000000703c00000| Untracked 
|  14|0x0000000703e00000, 0x0000000703e00000, 0x0000000704000000|  0%| F|  |TAMS 0x0000000703e00000, 0x0000000703e00000| Untracked 
|  15|0x0000000704000000, 0x0000000704000000, 0x0000000704200000|  0%| F|  |TAMS 0x0000000704000000, 0x0000000704000000| Untracked 
|  16|0x0000000704200000, 0x0000000704200000, 0x0000000704400000|  0%| F|  |TAMS 0x0000000704200000, 0x0000000704200000| Untracked 
|  17|0x0000000704400000, 0x0000000704400000, 0x0000000704600000|  0%| F|  |TAMS 0x0000000704400000, 0x0000000704400000| Untracked 
|  18|0x0000000704600000, 0x0000000704600000, 0x0000000704800000|  0%| F|  |TAMS 0x0000000704600000, 0x0000000704600000| Untracked 
|  19|0x0000000704800000, 0x0000000704800000, 0x0000000704a00000|  0%| F|  |TAMS 0x0000000704800000, 0x0000000704800000| Untracked 
|  20|0x0000000704a00000, 0x0000000704a00000, 0x0000000704c00000|  0%| F|  |TAMS 0x0000000704a00000, 0x0000000704a00000| Untracked 
|  21|0x0000000704c00000, 0x0000000704c00000, 0x0000000704e00000|  0%| F|  |TAMS 0x0000000704c00000, 0x0000000704c00000| Untracked 
|  22|0x0000000704e00000, 0x0000000704e00000, 0x0000000705000000|  0%| F|  |TAMS 0x0000000704e00000, 0x0000000704e00000| Untracked 
|  23|0x0000000705000000, 0x0000000705000000, 0x0000000705200000|  0%| F|  |TAMS 0x0000000705000000, 0x0000000705000000| Untracked 
|  24|0x0000000705200000, 0x0000000705200000, 0x0000000705400000|  0%| F|  |TAMS 0x0000000705200000, 0x0000000705200000| Untracked 
|  25|0x0000000705400000, 0x0000000705400000, 0x0000000705600000|  0%| F|  |TAMS 0x0000000705400000, 0x0000000705400000| Untracked 
|  26|0x0000000705600000, 0x0000000705600000, 0x0000000705800000|  0%| F|  |TAMS 0x0000000705600000, 0x0000000705600000| Untracked 
|  27|0x0000000705800000, 0x0000000705800000, 0x0000000705a00000|  0%| F|  |TAMS 0x0000000705800000, 0x0000000705800000| Untracked 
|  28|0x0000000705a00000, 0x0000000705a00000, 0x0000000705c00000|  0%| F|  |TAMS 0x0000000705a00000, 0x0000000705a00000| Untracked 
|  29|0x0000000705c00000, 0x0000000705c00000, 0x0000000705e00000|  0%| F|  |TAMS 0x0000000705c00000, 0x0000000705c00000| Untracked 
|  30|0x0000000705e00000, 0x0000000705e00000, 0x0000000706000000|  0%| F|  |TAMS 0x0000000705e00000, 0x0000000705e00000| Untracked 
|  31|0x0000000706000000, 0x0000000706000000, 0x0000000706200000|  0%| F|  |TAMS 0x0000000706000000, 0x0000000706000000| Untracked 
|  32|0x0000000706200000, 0x0000000706200000, 0x0000000706400000|  0%| F|  |TAMS 0x0000000706200000, 0x0000000706200000| Untracked 
|  33|0x0000000706400000, 0x0000000706400000, 0x0000000706600000|  0%| F|  |TAMS 0x0000000706400000, 0x0000000706400000| Untracked 
|  34|0x0000000706600000, 0x0000000706600000, 0x0000000706800000|  0%| F|  |TAMS 0x0000000706600000, 0x0000000706600000| Untracked 
|  35|0x0000000706800000, 0x0000000706800000, 0x0000000706a00000|  0%| F|  |TAMS 0x0000000706800000, 0x0000000706800000| Untracked 
|  36|0x0000000706a00000, 0x0000000706a00000, 0x0000000706c00000|  0%| F|  |TAMS 0x0000000706a00000, 0x0000000706a00000| Untracked 
|  37|0x0000000706c00000, 0x0000000706c00000, 0x0000000706e00000|  0%| F|  |TAMS 0x0000000706c00000, 0x0000000706c00000| Untracked 
|  38|0x0000000706e00000, 0x0000000706e00000, 0x0000000707000000|  0%| F|  |TAMS 0x0000000706e00000, 0x0000000706e00000| Untracked 
|  39|0x0000000707000000, 0x0000000707000000, 0x0000000707200000|  0%| F|  |TAMS 0x0000000707000000, 0x0000000707000000| Untracked 
|  40|0x0000000707200000, 0x0000000707200000, 0x0000000707400000|  0%| F|  |TAMS 0x0000000707200000, 0x0000000707200000| Untracked 
|  41|0x0000000707400000, 0x0000000707400000, 0x0000000707600000|  0%| F|  |TAMS 0x0000000707400000, 0x0000000707400000| Untracked 
|  42|0x0000000707600000, 0x0000000707600000, 0x0000000707800000|  0%| F|  |TAMS 0x0000000707600000, 0x0000000707600000| Untracked 
|  43|0x0000000707800000, 0x0000000707800000, 0x0000000707a00000|  0%| F|  |TAMS 0x0000000707800000, 0x0000000707800000| Untracked 
|  44|0x0000000707a00000, 0x0000000707a00000, 0x0000000707c00000|  0%| F|  |TAMS 0x0000000707a00000, 0x0000000707a00000| Untracked 
|  45|0x0000000707c00000, 0x0000000707c00000, 0x0000000707e00000|  0%| F|  |TAMS 0x0000000707c00000, 0x0000000707c00000| Untracked 
|  46|0x0000000707e00000, 0x0000000707e00000, 0x0000000708000000|  0%| F|  |TAMS 0x0000000707e00000, 0x0000000707e00000| Untracked 
|  47|0x0000000708000000, 0x0000000708000000, 0x0000000708200000|  0%| F|  |TAMS 0x0000000708000000, 0x0000000708000000| Untracked 
|  48|0x0000000708200000, 0x0000000708200000, 0x0000000708400000|  0%| F|  |TAMS 0x0000000708200000, 0x0000000708200000| Untracked 
|  49|0x0000000708400000, 0x0000000708400000, 0x0000000708600000|  0%| F|  |TAMS 0x0000000708400000, 0x0000000708400000| Untracked 
|  50|0x0000000708600000, 0x0000000708600000, 0x0000000708800000|  0%| F|  |TAMS 0x0000000708600000, 0x0000000708600000| Untracked 
|  51|0x0000000708800000, 0x0000000708800000, 0x0000000708a00000|  0%| F|  |TAMS 0x0000000708800000, 0x0000000708800000| Untracked 
|  52|0x0000000708a00000, 0x0000000708a00000, 0x0000000708c00000|  0%| F|  |TAMS 0x0000000708a00000, 0x0000000708a00000| Untracked 
|  53|0x0000000708c00000, 0x0000000708c00000, 0x0000000708e00000|  0%| F|  |TAMS 0x0000000708c00000, 0x0000000708c00000| Untracked 
|  54|0x0000000708e00000, 0x0000000708e00000, 0x0000000709000000|  0%| F|  |TAMS 0x0000000708e00000, 0x0000000708e00000| Untracked 
|  55|0x0000000709000000, 0x0000000709000000, 0x0000000709200000|  0%| F|  |TAMS 0x0000000709000000, 0x0000000709000000| Untracked 
|  56|0x0000000709200000, 0x0000000709200000, 0x0000000709400000|  0%| F|  |TAMS 0x0000000709200000, 0x0000000709200000| Untracked 
|  57|0x0000000709400000, 0x0000000709400000, 0x0000000709600000|  0%| F|  |TAMS 0x0000000709400000, 0x0000000709400000| Untracked 
|  58|0x0000000709600000, 0x0000000709600000, 0x0000000709800000|  0%| F|  |TAMS 0x0000000709600000, 0x0000000709600000| Untracked 
|  59|0x0000000709800000, 0x0000000709800000, 0x0000000709a00000|  0%| F|  |TAMS 0x0000000709800000, 0x0000000709800000| Untracked 
|  60|0x0000000709a00000, 0x0000000709a00000, 0x0000000709c00000|  0%| F|  |TAMS 0x0000000709a00000, 0x0000000709a00000| Untracked 
|  61|0x0000000709c00000, 0x0000000709c00000, 0x0000000709e00000|  0%| F|  |TAMS 0x0000000709c00000, 0x0000000709c00000| Untracked 
|  62|0x0000000709e00000, 0x0000000709e00000, 0x000000070a000000|  0%| F|  |TAMS 0x0000000709e00000, 0x0000000709e00000| Untracked 
|  63|0x000000070a000000, 0x000000070a000000, 0x000000070a200000|  0%| F|  |TAMS 0x000000070a000000, 0x000000070a000000| Untracked 
|  64|0x000000070a200000, 0x000000070a200000, 0x000000070a400000|  0%| F|  |TAMS 0x000000070a200000, 0x000000070a200000| Untracked 
|  65|0x000000070a400000, 0x000000070a400000, 0x000000070a600000|  0%| F|  |TAMS 0x000000070a400000, 0x000000070a400000| Untracked 
|  66|0x000000070a600000, 0x000000070a600000, 0x000000070a800000|  0%| F|  |TAMS 0x000000070a600000, 0x000000070a600000| Untracked 
|  67|0x000000070a800000, 0x000000070a800000, 0x000000070aa00000|  0%| F|  |TAMS 0x000000070a800000, 0x000000070a800000| Untracked 
|  68|0x000000070aa00000, 0x000000070aa00000, 0x000000070ac00000|  0%| F|  |TAMS 0x000000070aa00000, 0x000000070aa00000| Untracked 
|  69|0x000000070ac00000, 0x000000070ac00000, 0x000000070ae00000|  0%| F|  |TAMS 0x000000070ac00000, 0x000000070ac00000| Untracked 
|  70|0x000000070ae00000, 0x000000070ae00000, 0x000000070b000000|  0%| F|  |TAMS 0x000000070ae00000, 0x000000070ae00000| Untracked 
|  71|0x000000070b000000, 0x000000070b000000, 0x000000070b200000|  0%| F|  |TAMS 0x000000070b000000, 0x000000070b000000| Untracked 
|  72|0x000000070b200000, 0x000000070b200000, 0x000000070b400000|  0%| F|  |TAMS 0x000000070b200000, 0x000000070b200000| Untracked 
|  73|0x000000070b400000, 0x000000070b400000, 0x000000070b600000|  0%| F|  |TAMS 0x000000070b400000, 0x000000070b400000| Untracked 
|  74|0x000000070b600000, 0x000000070b600000, 0x000000070b800000|  0%| F|  |TAMS 0x000000070b600000, 0x000000070b600000| Untracked 
|  75|0x000000070b800000, 0x000000070b800000, 0x000000070ba00000|  0%| F|  |TAMS 0x000000070b800000, 0x000000070b800000| Untracked 
|  76|0x000000070ba00000, 0x000000070ba00000, 0x000000070bc00000|  0%| F|  |TAMS 0x000000070ba00000, 0x000000070ba00000| Untracked 
|  77|0x000000070bc00000, 0x000000070bc00000, 0x000000070be00000|  0%| F|  |TAMS 0x000000070bc00000, 0x000000070bc00000| Untracked 
|  78|0x000000070be00000, 0x000000070be00000, 0x000000070c000000|  0%| F|  |TAMS 0x000000070be00000, 0x000000070be00000| Untracked 
|  79|0x000000070c000000, 0x000000070c000000, 0x000000070c200000|  0%| F|  |TAMS 0x000000070c000000, 0x000000070c000000| Untracked 
|  80|0x000000070c200000, 0x000000070c200000, 0x000000070c400000|  0%| F|  |TAMS 0x000000070c200000, 0x000000070c200000| Untracked 
|  81|0x000000070c400000, 0x000000070c400000, 0x000000070c600000|  0%| F|  |TAMS 0x000000070c400000, 0x000000070c400000| Untracked 
|  82|0x000000070c600000, 0x000000070c600000, 0x000000070c800000|  0%| F|  |TAMS 0x000000070c600000, 0x000000070c600000| Untracked 
|  83|0x000000070c800000, 0x000000070c800000, 0x000000070ca00000|  0%| F|  |TAMS 0x000000070c800000, 0x000000070c800000| Untracked 
|  84|0x000000070ca00000, 0x000000070ca00000, 0x000000070cc00000|  0%| F|  |TAMS 0x000000070ca00000, 0x000000070ca00000| Untracked 
|  85|0x000000070cc00000, 0x000000070cc00000, 0x000000070ce00000|  0%| F|  |TAMS 0x000000070cc00000, 0x000000070cc00000| Untracked 
|  86|0x000000070ce00000, 0x000000070ce00000, 0x000000070d000000|  0%| F|  |TAMS 0x000000070ce00000, 0x000000070ce00000| Untracked 
|  87|0x000000070d000000, 0x000000070d000000, 0x000000070d200000|  0%| F|  |TAMS 0x000000070d000000, 0x000000070d000000| Untracked 
|  88|0x000000070d200000, 0x000000070d200000, 0x000000070d400000|  0%| F|  |TAMS 0x000000070d200000, 0x000000070d200000| Untracked 
|  89|0x000000070d400000, 0x000000070d400000, 0x000000070d600000|  0%| F|  |TAMS 0x000000070d400000, 0x000000070d400000| Untracked 
|  90|0x000000070d600000, 0x000000070d600000, 0x000000070d800000|  0%| F|  |TAMS 0x000000070d600000, 0x000000070d600000| Untracked 
|  91|0x000000070d800000, 0x000000070d800000, 0x000000070da00000|  0%| F|  |TAMS 0x000000070d800000, 0x000000070d800000| Untracked 
|  92|0x000000070da00000, 0x000000070da00000, 0x000000070dc00000|  0%| F|  |TAMS 0x000000070da00000, 0x000000070da00000| Untracked 
|  93|0x000000070dc00000, 0x000000070dc00000, 0x000000070de00000|  0%| F|  |TAMS 0x000000070dc00000, 0x000000070dc00000| Untracked 
|  94|0x000000070de00000, 0x000000070de00000, 0x000000070e000000|  0%| F|  |TAMS 0x000000070de00000, 0x000000070de00000| Untracked 
|  95|0x000000070e000000, 0x000000070e000000, 0x000000070e200000|  0%| F|  |TAMS 0x000000070e000000, 0x000000070e000000| Untracked 
|  96|0x000000070e200000, 0x000000070e200000, 0x000000070e400000|  0%| F|  |TAMS 0x000000070e200000, 0x000000070e200000| Untracked 
|  97|0x000000070e400000, 0x000000070e400000, 0x000000070e600000|  0%| F|  |TAMS 0x000000070e400000, 0x000000070e400000| Untracked 
|  98|0x000000070e600000, 0x000000070e600000, 0x000000070e800000|  0%| F|  |TAMS 0x000000070e600000, 0x000000070e600000| Untracked 
|  99|0x000000070e800000, 0x000000070e800000, 0x000000070ea00000|  0%| F|  |TAMS 0x000000070e800000, 0x000000070e800000| Untracked 
| 100|0x000000070ea00000, 0x000000070ea00000, 0x000000070ec00000|  0%| F|  |TAMS 0x000000070ea00000, 0x000000070ea00000| Untracked 
| 101|0x000000070ec00000, 0x000000070ec00000, 0x000000070ee00000|  0%| F|  |TAMS 0x000000070ec00000, 0x000000070ec00000| Untracked 
| 102|0x000000070ee00000, 0x000000070ee00000, 0x000000070f000000|  0%| F|  |TAMS 0x000000070ee00000, 0x000000070ee00000| Untracked 
| 103|0x000000070f000000, 0x000000070f000000, 0x000000070f200000|  0%| F|  |TAMS 0x000000070f000000, 0x000000070f000000| Untracked 
| 104|0x000000070f200000, 0x000000070f200000, 0x000000070f400000|  0%| F|  |TAMS 0x000000070f200000, 0x000000070f200000| Untracked 
| 105|0x000000070f400000, 0x000000070f400000, 0x000000070f600000|  0%| F|  |TAMS 0x000000070f400000, 0x000000070f400000| Untracked 
| 106|0x000000070f600000, 0x000000070f600000, 0x000000070f800000|  0%| F|  |TAMS 0x000000070f600000, 0x000000070f600000| Untracked 
| 107|0x000000070f800000, 0x000000070f800000, 0x000000070fa00000|  0%| F|  |TAMS 0x000000070f800000, 0x000000070f800000| Untracked 
| 108|0x000000070fa00000, 0x000000070fa00000, 0x000000070fc00000|  0%| F|  |TAMS 0x000000070fa00000, 0x000000070fa00000| Untracked 
| 109|0x000000070fc00000, 0x000000070fc00000, 0x000000070fe00000|  0%| F|  |TAMS 0x000000070fc00000, 0x000000070fc00000| Untracked 
| 110|0x000000070fe00000, 0x000000070fe00000, 0x0000000710000000|  0%| F|  |TAMS 0x000000070fe00000, 0x000000070fe00000| Untracked 
| 111|0x0000000710000000, 0x0000000710000000, 0x0000000710200000|  0%| F|  |TAMS 0x0000000710000000, 0x0000000710000000| Untracked 
| 112|0x0000000710200000, 0x0000000710200000, 0x0000000710400000|  0%| F|  |TAMS 0x0000000710200000, 0x0000000710200000| Untracked 
| 113|0x0000000710400000, 0x0000000710400000, 0x0000000710600000|  0%| F|  |TAMS 0x0000000710400000, 0x0000000710400000| Untracked 
| 114|0x0000000710600000, 0x0000000710600000, 0x0000000710800000|  0%| F|  |TAMS 0x0000000710600000, 0x0000000710600000| Untracked 
| 115|0x0000000710800000, 0x0000000710800000, 0x0000000710a00000|  0%| F|  |TAMS 0x0000000710800000, 0x0000000710800000| Untracked 
| 116|0x0000000710a00000, 0x0000000710a00000, 0x0000000710c00000|  0%| F|  |TAMS 0x0000000710a00000, 0x0000000710a00000| Untracked 
| 117|0x0000000710c00000, 0x0000000710c00000, 0x0000000710e00000|  0%| F|  |TAMS 0x0000000710c00000, 0x0000000710c00000| Untracked 
| 118|0x0000000710e00000, 0x0000000710e00000, 0x0000000711000000|  0%| F|  |TAMS 0x0000000710e00000, 0x0000000710e00000| Untracked 
| 119|0x0000000711000000, 0x0000000711000000, 0x0000000711200000|  0%| F|  |TAMS 0x0000000711000000, 0x0000000711000000| Untracked 
| 120|0x0000000711200000, 0x0000000711200000, 0x0000000711400000|  0%| F|  |TAMS 0x0000000711200000, 0x0000000711200000| Untracked 
| 121|0x0000000711400000, 0x0000000711400000, 0x0000000711600000|  0%| F|  |TAMS 0x0000000711400000, 0x0000000711400000| Untracked 
| 122|0x0000000711600000, 0x0000000711600000, 0x0000000711800000|  0%| F|  |TAMS 0x0000000711600000, 0x0000000711600000| Untracked 
| 123|0x0000000711800000, 0x0000000711800000, 0x0000000711a00000|  0%| F|  |TAMS 0x0000000711800000, 0x0000000711800000| Untracked 
| 124|0x0000000711a00000, 0x0000000711ae2368, 0x0000000711c00000| 44%| E|  |TAMS 0x0000000711a00000, 0x0000000711a00000| Complete 
| 125|0x0000000711c00000, 0x0000000711e00000, 0x0000000711e00000|100%| E|CS|TAMS 0x0000000711c00000, 0x0000000711c00000| Complete 
| 126|0x0000000711e00000, 0x0000000712000000, 0x0000000712000000|100%| E|CS|TAMS 0x0000000711e00000, 0x0000000711e00000| Complete 

Card table byte_map: [0x00000252edb90000,0x00000252ee380000] _byte_map_base: 0x00000252ea37f000

Marking Bits (Prev, Next): (CMBitMap*) 0x00000252d8ae1c40, (CMBitMap*) 0x00000252d8ae1c80
 Prev Bits: [0x00000252eeb70000, 0x00000252f2ae8000)
 Next Bits: [0x00000252f2af0000, 0x00000252f6a68000)

Polling page: 0x00000252dd6f0000

Metaspace:

Usage:
  Non-class:      7.61 MB used.
      Class:    769.61 KB used.
       Both:      8.36 MB used.

Virtual space:
  Non-class space:        8.00 MB reserved,       7.69 MB ( 96%) committed,  1 nodes.
      Class space:        1.00 GB reserved,     832.00 KB ( <1%) committed,  1 nodes.
             Both:        1.01 GB reserved,       8.50 MB ( <1%) committed. 

Chunk freelists:
   Non-Class:  204.00 KB
       Class:  3.22 MB
        Both:  3.42 MB

MaxMetaspaceSize: unlimited
CompressedClassSpaceSize: 1.00 GB
Initial GC threshold: 21.00 MB
Current GC threshold: 21.00 MB
CDS: off
MetaspaceReclaimPolicy: balanced
 - commit_granule_bytes: 65536.
 - commit_granule_words: 8192.
 - virtual_space_node_default_size: 1048576.
 - enlarge_chunks_in_place: 1.
 - new_chunks_are_fully_committed: 0.
 - uncommit_free_chunks: 1.
 - use_allocation_guard: 0.
 - handle_deallocations: 1.


Internal statistics:

num_allocs_failed_limit: 0.
num_arena_births: 14.
num_arena_deaths: 0.
num_vsnodes_births: 2.
num_vsnodes_deaths: 0.
num_space_committed: 136.
num_space_uncommitted: 0.
num_chunks_returned_to_freelist: 0.
num_chunks_taken_from_freelist: 45.
num_chunk_merges: 0.
num_chunk_splits: 19.
num_chunks_enlarged: 10.
num_purges: 0.
num_inconsistent_stats: 0.

CodeHeap 'non-profiled nmethods': size=120000Kb used=100Kb max_used=100Kb free=119899Kb
 bounds [0x00000252e51e0000, 0x00000252e5450000, 0x00000252ec710000]
CodeHeap 'profiled nmethods': size=120000Kb used=507Kb max_used=507Kb free=119492Kb
 bounds [0x00000252dd710000, 0x00000252dd980000, 0x00000252e4c40000]
CodeHeap 'non-nmethods': size=5760Kb used=1133Kb max_used=1133Kb free=4627Kb
 bounds [0x00000252e4c40000, 0x00000252e4eb0000, 0x00000252e51e0000]
 total_blobs=747 nmethods=328 adapters=332
 compilation: enabled
              stopped_count=0, restarted_count=0
 full_count=0

Compilation events (20 events):
Event: 0.169 Thread 0x00000252fa09f930  257       3       sun.util.locale.LocaleUtils::isEmpty (19 bytes)
Event: 0.169 Thread 0x00000252fa250db0 nmethod 258 0x00000252e51f3110 code [0x00000252e51f3280, 0x00000252e51f3478]
Event: 0.169 Thread 0x00000252fa250db0  250       4       java.util.Collections::emptyList (4 bytes)
Event: 0.169 Thread 0x00000252fa09f930 nmethod 257 0x00000252dd76e810 code [0x00000252dd76e9c0, 0x00000252dd76ec08]
Event: 0.169 Thread 0x00000252fa09f930  247       3       sun.util.locale.StringTokenIterator::hasNext (20 bytes)
Event: 0.169 Thread 0x00000252fa250db0 nmethod 250 0x00000252e51f3510 code [0x00000252e51f3680, 0x00000252e51f36d8]
Event: 0.169 Thread 0x00000252fa09f930 nmethod 247 0x00000252dd76ed10 code [0x00000252dd76eec0, 0x00000252dd76f138]
Event: 0.170 Thread 0x00000252fa09f930  265       3       java.util.HashMap$HashIterator::nextNode (100 bytes)
Event: 0.170 Thread 0x00000252fa09f930 nmethod 265 0x00000252dd76f290 code [0x00000252dd76f480, 0x00000252dd76f9d8]
Event: 0.170 Thread 0x00000252fa09f930  251       3       sun.util.locale.BaseLocale::<init> (76 bytes)
Event: 0.170 Thread 0x00000252fa09f930 nmethod 251 0x00000252dd76fb90 code [0x00000252dd76fdc0, 0x00000252dd770428]
Event: 0.170 Thread 0x00000252fa09f930  255       3       sun.util.locale.LocaleObjectCache::get (126 bytes)
Event: 0.170 Thread 0x00000252fa09f930 nmethod 255 0x00000252dd770690 code [0x00000252dd770980, 0x00000252dd771ce8]
Event: 0.170 Thread 0x00000252fa09f930  256       3       sun.util.locale.LocaleObjectCache::cleanStaleEntries (34 bytes)
Event: 0.170 Thread 0x00000252fa250db0  272       4       java.util.concurrent.ConcurrentHashMap::setTabAt (20 bytes)
Event: 0.171 Thread 0x00000252fa09f930 nmethod 256 0x00000252dd772310 code [0x00000252dd772520, 0x00000252dd772d08]
Event: 0.171 Thread 0x00000252fa09f930  259       3       sun.util.locale.BaseLocale$Key::<init> (76 bytes)
Event: 0.171 Thread 0x00000252fa09f930 nmethod 259 0x00000252dd773010 code [0x00000252dd773200, 0x00000252dd7738f8]
Event: 0.171 Thread 0x00000252fa09f930  273       3       sun.util.locale.LocaleUtils::toTitleString (139 bytes)
Event: 0.172 Thread 0x00000252fa250db0 nmethod 272 0x00000252e51f3810 code [0x00000252e51f3980, 0x00000252e51f3ad8]

GC Heap History (0 events):
No events

Dll operation events (2 events):
Event: 0.004 Loaded shared library H:\andr\jbr\bin\java.dll
Event: 0.120 Loaded shared library H:\andr\jbr\bin\verify.dll

Deoptimization events (20 events):
Event: 0.094 Thread 0x00000252d8a761a0 Uncommon trap: trap_request=0xffffff45 fr.pc=0x00000252e51e3f18 relative=0x0000000000000178
Event: 0.094 Thread 0x00000252d8a761a0 Uncommon trap: reason=unstable_if action=reinterpret pc=0x00000252e51e3f18 method=java.util.zip.ZipFile$Source.isMetaName([BII)Z @ 3 c2
Event: 0.094 Thread 0x00000252d8a761a0 DEOPT PACKING pc=0x00000252e51e3f18 sp=0x0000007df78fa410
Event: 0.094 Thread 0x00000252d8a761a0 DEOPT UNPACKING pc=0x00000252e4c969a3 sp=0x0000007df78fa3b8 mode 2
Event: 0.103 Thread 0x00000252d8a761a0 Uncommon trap: trap_request=0xffffff45 fr.pc=0x00000252e51e5be8 relative=0x0000000000000628
Event: 0.103 Thread 0x00000252d8a761a0 Uncommon trap: reason=unstable_if action=reinterpret pc=0x00000252e51e5be8 method=java.util.zip.ZipCoder$UTF8ZipCoder.checkedHash([BII)I @ 75 c2
Event: 0.103 Thread 0x00000252d8a761a0 DEOPT PACKING pc=0x00000252e51e5be8 sp=0x0000007df78fa310
Event: 0.103 Thread 0x00000252d8a761a0 DEOPT UNPACKING pc=0x00000252e4c969a3 sp=0x0000007df78fa1d8 mode 2
Event: 0.103 Thread 0x00000252d8a761a0 Uncommon trap: trap_request=0xffffff45 fr.pc=0x00000252e51e4510 relative=0x0000000000000270
Event: 0.103 Thread 0x00000252d8a761a0 Uncommon trap: reason=unstable_if action=reinterpret pc=0x00000252e51e4510 method=java.util.zip.ZipCoder$UTF8ZipCoder.checkedHash([BII)I @ 75 c2
Event: 0.103 Thread 0x00000252d8a761a0 DEOPT PACKING pc=0x00000252e51e4510 sp=0x0000007df78fa240
Event: 0.103 Thread 0x00000252d8a761a0 DEOPT UNPACKING pc=0x00000252e4c969a3 sp=0x0000007df78fa1d0 mode 2
Event: 0.103 Thread 0x00000252d8a761a0 Uncommon trap: trap_request=0xffffff45 fr.pc=0x00000252e51e5108 relative=0x0000000000000168
Event: 0.103 Thread 0x00000252d8a761a0 Uncommon trap: reason=unstable_if action=reinterpret pc=0x00000252e51e5108 method=java.util.zip.ZipFile$Source.isMetaName([BII)Z @ 15 c2
Event: 0.103 Thread 0x00000252d8a761a0 DEOPT PACKING pc=0x00000252e51e5108 sp=0x0000007df78fa320
Event: 0.103 Thread 0x00000252d8a761a0 DEOPT UNPACKING pc=0x00000252e4c969a3 sp=0x0000007df78fa2b0 mode 2
Event: 0.103 Thread 0x00000252d8a761a0 Uncommon trap: trap_request=0xffffff45 fr.pc=0x00000252e51e39d4 relative=0x00000000000002b4
Event: 0.103 Thread 0x00000252d8a761a0 Uncommon trap: reason=unstable_if action=reinterpret pc=0x00000252e51e39d4 method=java.util.zip.ZipCoder$UTF8ZipCoder.checkedHash([BII)I @ 75 c2
Event: 0.103 Thread 0x00000252d8a761a0 DEOPT PACKING pc=0x00000252e51e39d4 sp=0x0000007df78fa220
Event: 0.103 Thread 0x00000252d8a761a0 DEOPT UNPACKING pc=0x00000252e4c969a3 sp=0x0000007df78fa1d0 mode 2

Classes unloaded (0 events):
No events

Classes redefined (0 events):
No events

Internal exceptions (0 events):
No events

VM Operations (6 events):
Event: 0.106 Executing VM operation: HandshakeAllThreads
Event: 0.106 Executing VM operation: HandshakeAllThreads done
Event: 0.106 Executing VM operation: HandshakeAllThreads
Event: 0.106 Executing VM operation: HandshakeAllThreads done
Event: 0.138 Executing VM operation: HandshakeAllThreads
Event: 0.138 Executing VM operation: HandshakeAllThreads done

Events (20 events):
Event: 0.160 loading class java/util/ResourceBundle$Control
Event: 0.160 loading class java/util/ResourceBundle$Control done
Event: 0.160 loading class java/util/ResourceBundle
Event: 0.160 loading class java/util/ResourceBundle done
Event: 0.160 loading class java/util/ResourceBundle$Control$CandidateListCache
Event: 0.160 loading class java/util/ResourceBundle$Control$CandidateListCache done
Event: 0.160 loading class java/util/ResourceBundle$NoFallbackControl
Event: 0.160 loading class java/util/ResourceBundle$SingleFormatControl
Event: 0.161 loading class java/util/ResourceBundle$SingleFormatControl done
Event: 0.161 loading class java/util/ResourceBundle$NoFallbackControl done
Event: 0.161 loading class java/util/LinkedList
Event: 0.161 loading class java/util/AbstractSequentialList
Event: 0.161 loading class java/util/AbstractSequentialList done
Event: 0.161 loading class java/util/LinkedList done
Event: 0.161 loading class java/util/LinkedList$Node
Event: 0.161 loading class java/util/LinkedList$Node done
Event: 0.161 loading class sun/util/cldr/CLDRCalendarDataProviderImpl
Event: 0.162 loading class sun/util/locale/provider/CalendarDataProviderImpl
Event: 0.162 loading class sun/util/locale/provider/CalendarDataProviderImpl done
Event: 0.162 loading class sun/util/cldr/CLDRCalendarDataProviderImpl done


Dynamic libraries:
0x00007ff7708d0000 - 0x00007ff7708da000 	H:\andr\jbr\bin\java.exe
0x00007ffff8a90000 - 0x00007ffff8c88000 	C:\WINDOWS\SYSTEM32\ntdll.dll
0x00007ffff7e60000 - 0x00007ffff7f1d000 	C:\WINDOWS\System32\KERNEL32.DLL
0x00007ffff6730000 - 0x00007ffff6a26000 	C:\WINDOWS\System32\KERNELBASE.dll
0x00007ffff6160000 - 0x00007ffff6260000 	C:\WINDOWS\System32\ucrtbase.dll
0x00007fffe2bb0000 - 0x00007fffe2bc7000 	H:\andr\jbr\bin\jli.dll
0x00007fffd16b0000 - 0x00007fffd16cb000 	H:\andr\jbr\bin\VCRUNTIME140.dll
0x00007ffff7cc0000 - 0x00007ffff7e5f000 	C:\WINDOWS\System32\USER32.dll
0x00007ffff6a30000 - 0x00007ffff6a52000 	C:\WINDOWS\System32\win32u.dll
0x00007fffd96b0000 - 0x00007fffd994a000 	C:\WINDOWS\WinSxS\amd64_microsoft.windows.common-controls_6595b64144ccf1df_6.0.19041.4355_none_60b8b9eb71f62e16\COMCTL32.dll
0x00007ffff79d0000 - 0x00007ffff79fb000 	C:\WINDOWS\System32\GDI32.dll
0x00007ffff7930000 - 0x00007ffff79ce000 	C:\WINDOWS\System32\msvcrt.dll
0x00007ffff6260000 - 0x00007ffff6377000 	C:\WINDOWS\System32\gdi32full.dll
0x00007ffff6590000 - 0x00007ffff662d000 	C:\WINDOWS\System32\msvcp_win.dll
0x00007ffff7ff0000 - 0x00007ffff8022000 	C:\WINDOWS\System32\IMM32.DLL
0x00007ffff07c0000 - 0x00007ffff07cc000 	H:\andr\jbr\bin\vcruntime140_1.dll
0x00007fffae270000 - 0x00007fffae2fd000 	H:\andr\jbr\bin\msvcp140.dll
0x00007fffb10d0000 - 0x00007fffb1d3e000 	H:\andr\jbr\bin\server\jvm.dll
0x00007ffff72c0000 - 0x00007ffff7370000 	C:\WINDOWS\System32\ADVAPI32.dll
0x00007ffff8980000 - 0x00007ffff8a20000 	C:\WINDOWS\System32\sechost.dll
0x00007ffff7420000 - 0x00007ffff7543000 	C:\WINDOWS\System32\RPCRT4.dll
0x00007ffff6a60000 - 0x00007ffff6a87000 	C:\WINDOWS\System32\bcrypt.dll
0x00007fffe2790000 - 0x00007fffe27b7000 	C:\WINDOWS\SYSTEM32\WINMM.dll
0x00007fffd9a10000 - 0x00007fffd9a19000 	C:\WINDOWS\SYSTEM32\WSOCK32.dll
0x00007ffff0ef0000 - 0x00007ffff0efa000 	C:\WINDOWS\SYSTEM32\VERSION.dll
0x00007ffff7560000 - 0x00007ffff75cb000 	C:\WINDOWS\System32\WS2_32.dll
0x00007ffff4a90000 - 0x00007ffff4aa2000 	C:\WINDOWS\SYSTEM32\kernel.appcore.dll
0x00007ffff3430000 - 0x00007ffff343a000 	H:\andr\jbr\bin\jimage.dll
0x00007fffe25a0000 - 0x00007fffe2784000 	C:\WINDOWS\SYSTEM32\DBGHELP.DLL
0x00007fffe2470000 - 0x00007fffe24a4000 	C:\WINDOWS\SYSTEM32\dbgcore.DLL
0x00007ffff6630000 - 0x00007ffff66b2000 	C:\WINDOWS\System32\bcryptPrimitives.dll
0x00007fffede70000 - 0x00007fffede95000 	H:\andr\jbr\bin\java.dll
0x00007ffff2680000 - 0x00007ffff2698000 	H:\andr\jbr\bin\zip.dll
0x00007ffff8090000 - 0x00007ffff87fb000 	C:\WINDOWS\System32\SHELL32.dll
0x00007ffff3e40000 - 0x00007ffff45dd000 	C:\WINDOWS\SYSTEM32\windows.storage.dll
0x00007ffff75d0000 - 0x00007ffff7923000 	C:\WINDOWS\System32\combase.dll
0x00007ffff5a60000 - 0x00007ffff5a8e000 	C:\WINDOWS\SYSTEM32\Wldp.dll
0x00007ffff7f20000 - 0x00007ffff7fed000 	C:\WINDOWS\System32\OLEAUT32.dll
0x00007ffff7190000 - 0x00007ffff723d000 	C:\WINDOWS\System32\SHCORE.dll
0x00007ffff7260000 - 0x00007ffff72b5000 	C:\WINDOWS\System32\shlwapi.dll
0x00007ffff6040000 - 0x00007ffff6064000 	C:\WINDOWS\SYSTEM32\profapi.dll
0x00007fffec140000 - 0x00007fffec159000 	H:\andr\jbr\bin\net.dll
0x00007fffefdc0000 - 0x00007fffefeca000 	C:\WINDOWS\SYSTEM32\WINHTTP.dll
0x00007ffff57c0000 - 0x00007ffff582a000 	C:\WINDOWS\system32\mswsock.dll
0x00007fffec120000 - 0x00007fffec136000 	H:\andr\jbr\bin\nio.dll
0x00007fffee150000 - 0x00007fffee160000 	H:\andr\jbr\bin\verify.dll

dbghelp: loaded successfully - version: 4.0.5 - missing functions: none
symbol engine: initialized successfully - sym options: 0x614 - pdb path: .;H:\andr\jbr\bin;C:\WINDOWS\SYSTEM32;C:\WINDOWS\WinSxS\amd64_microsoft.windows.common-controls_6595b64144ccf1df_6.0.19041.4355_none_60b8b9eb71f62e16;H:\andr\jbr\bin\server

VM Arguments:
java_command: git4idea.http.GitAskPassApp Password for 'http://M.joha@10.0.206.69': 
java_class_path (initial): H:/andr/plugins/vcs-git/lib/git4idea-rt.jar;H:/andr/lib/externalProcess-rt.jar;H:/andr/lib/app.jar;H:/andr/lib/3rd-party-rt.jar
Launcher Type: SUN_STANDARD

[Global flags]
     intx CICompilerCount                          = 4                                         {product} {ergonomic}
     uint ConcGCThreads                            = 3                                         {product} {ergonomic}
     uint G1ConcRefinementThreads                  = 10                                        {product} {ergonomic}
   size_t G1HeapRegionSize                         = 2097152                                   {product} {ergonomic}
    uintx GCDrainStackTargetSize                   = 64                                        {product} {ergonomic}
   size_t InitialHeapSize                          = 266338304                                 {product} {ergonomic}
   size_t MarkStackSize                            = 4194304                                   {product} {ergonomic}
   size_t MaxHeapSize                              = 4259315712                                {product} {ergonomic}
   size_t MaxNewSize                               = 2554331136                                {product} {ergonomic}
   size_t MinHeapDeltaBytes                        = 2097152                                   {product} {ergonomic}
   size_t MinHeapSize                              = 8388608                                   {product} {ergonomic}
    uintx NonNMethodCodeHeapSize                   = 5839372                                {pd product} {ergonomic}
    uintx NonProfiledCodeHeapSize                  = 122909434                              {pd product} {ergonomic}
    uintx ProfiledCodeHeapSize                     = 122909434                              {pd product} {ergonomic}
    uintx ReservedCodeCacheSize                    = 251658240                              {pd product} {ergonomic}
     bool SegmentedCodeCache                       = true                                      {product} {ergonomic}
   size_t SoftMaxHeapSize                          = 4259315712                             {manageable} {ergonomic}
     bool UseCompressedClassPointers               = true                           {product lp64_product} {ergonomic}
     bool UseCompressedOops                        = true                           {product lp64_product} {ergonomic}
     bool UseG1GC                                  = true                                      {product} {ergonomic}
     bool UseLargePagesIndividualAllocation        = false                                  {pd product} {ergonomic}

Logging:
Log output configuration:
 #0: stdout all=warning uptime,level,tags
 #1: stderr all=off uptime,level,tags

Environment Variables:
JAVA_HOME=C:\Program Files\Java\jdk1.8.0_231
PATH=C:\Program Files\Git\mingw64\libexec\git-core;C:\Program Files\Git\mingw64\libexec\git-core;C:\Program Files\Git\mingw64\bin;C:\Program Files\Git\usr\bin;C:\Users\M.Joha\bin;C:\Program Files\Eclipse Adoptium\jdk-17.0.8.101-hotspot\bin;C:\Program Files\Common Files\Oracle\Java\javapath;D:\app\product\11.2.0\client_1\bin;D:\orant\bin;%AppData%\npm;C:\Program Files (x86)\Common Files\Oracle\Java\javapath;C:\ProgramData\Oracle\Java\javapath;C:\sybase\DataAccess\ADONET\dll;C:\sybase\DataAccess\OLEDB\dll;C:\sybase\DataAccess\ODBC\dll;C:\sybase\DataAccess64\ODBC\dll;C:\sybase\OCS-15_0\lib3p64;C:\sybase\OCS-15_0\lib3p;C:\sybase\OCS-15_0\dll;C:\sybase\OCS-15_0\bin;C:\Windows\system32;C:\Windows;C:\Windows\System32\Wbem;C:\Windows\System32\WindowsPowerShell\v1.0;C:\sybase\DBISQL\bin;D:\iMAL\PB105_DDK;C:\Program Files\Microsoft SQL Server\110\Tools\Binn;D:\DDK\pb125_ddk;D:\DDK\pb105_ddk;C:\Program Files (x86)\AMD\ATI.ACE\Core-Static;C:\Program Files\Microsoft SQL Server\130\Tools\Binn;C:\Program Files\Microsoft SQL Server\Client SDK\ODBC\170\Tools\Binn;C:\ProgramData\ComposerSetup\bin;C:\xampp\php;C:\Program Files (x86)\HP\IdrsOCR_15.2.10.1114;C:\Program Files\OpenSSL-Win64\bin;D:\orant\jdk\bin;C:\Program Files (x86)\Kaspersky Lab\Endpoint Agent;C:\xampp\mysql\bin;C:\Program Files\Git\cmd;C:\Program Files (x86)\Microsoft SQL Server\150\DTS\Binn;C:\Program Files (x86)\Microsoft SQL Server\150\Tools\Binn;C:\Program Files\Microsoft SQL Server\150\Tools\Binn;C:\Program Files\Microsoft SQL Server\150\DTS\Binn;C:\wamp64\bin\php\php7.2.10;C:\Program Files\dotnet;C:\ProgramData\chocolatey\bin;C:\WINDOWS\system32;C:\WINDOWS;C:\WINDOWS\System32\Wbem;C:\WINDOWS\System32\WindowsPowerShell\v1.0;C:\WINDOWS\System32\OpenSSH;C:\Program Files\nodejs;H:\GdPicture.NET 14\Redist;C:\Program Files\Eclipse Adoptium\jdk-17.0.8.101-hotspot\bin;C:\Program Files\Common Files\Oracle\Java\javapath;D:\app\product\11.2.0\client_1\bin;D:\orant\bin;C:\Users\M.Joha\AppData\Roaming\npm;C:\Program Files (x86)\
USERNAME=M.joha
DISPLAY=:0.0
LC_ALL=en_US.UTF-8
TERM=cygwin
TMPDIR=C:\Users\MB168~1.JOH\AppData\Local\Temp
OS=Windows_NT
PROCESSOR_IDENTIFIER=Intel64 Family 6 Model 158 Stepping 10, GenuineIntel
TMP=C:\Users\MB168~1.JOH\AppData\Local\Temp
TEMP=C:\Users\MB168~1.JOH\AppData\Local\Temp


JNI global refs:
JNI global refs: 14, weak refs: 0

JNI global refs memory usage: 843, weak refs: 209


---------------  S Y S T E M  ---------------

OS:
 Windows 10 , 64 bit Build 19041 (10.0.19041.3636)
OS uptime: 11 days 9:33 hours

CPU: total 12 (initial active 12) (6 cores per cpu, 2 threads per core) family 6 model 158 stepping 10 microcode 0xb4, cx8, cmov, fxsr, ht, mmx, 3dnowpref, sse, sse2, sse3, ssse3, sse4.1, sse4.2, popcnt, lzcnt, tsc, tscinvbit, avx, avx2, aes, erms, clmul, bmi1, bmi2, rtm, adx, fma, vzeroupper, clflush, clflushopt

Memory: 4k page, system-wide physical 16243M (1243M free)
TotalPageFile size 46107M (AvailPageFile size 1438M)
current process WorkingSet (physical memory assigned to process): 60M, peak: 60M
current process commit charge ("private bytes"): 348M, peak: 348M

vm_info: OpenJDK 64-Bit Server VM (17.0.6+0-b2043.56-10027231) for windows-amd64 JRE (17.0.6+0-b2043.56-10027231), built on Apr 28 2023 00:43:19 by "androidbuild" with MS VC++ 16.10 / 16.11 (VS2019)

END.
